// Jest Snapshot v1, https://goo.gl/fbAQLP

exports[`Social 1`] = `<test-file-stub />`;
