// Jest Snapshot v1, https://goo.gl/fbAQLP

exports[`Container snapshot 1`] = `<test-file-stub />`;
