// Jest Snapshot v1, https://goo.gl/fbAQLP

exports[`Currently 1`] = `<test-file-stub />`;
