// Jest Snapshot v1, https://goo.gl/fbAQLP

exports[`RepoLink 1`] = `<test-file-stub />`;
